---
source: src/main.rs
expression: credentials
---
"{\n  \"AccessKeyId\": \"ASIAZTS577SRCMNGRXXF\",\n  \"SecretAccessKey\": \"dDilvPo0Won/sqEJ1lIt8sjewKKs3M/1OtnaRrGf\",\n  \"SessionToken\": \"IQoJb3JpZ2luX2VjEI///////////wEaCXVzLWVhc3QtMSJHMEUCIF6\",\n  \"Expiration\": \"2024-05-29T20:37:18Z\",\n  \"Version\": 1\n}"
